// Jest Snapshot v1, https://goo.gl/fbAQLP

exports[`Select Component renders correctly 1`] = `ShallowWrapper {}`;
