// Jest Snapshot v1, https://goo.gl/fbAQLP

exports[`FormContainer Component renders correctly 1`] = `ShallowWrapper {}`;
