// Jest Snapshot v1, https://goo.gl/fbAQLP

exports[`Input Component renders correctly 1`] = `ShallowWrapper {}`;
